// Jest Snapshot v1, https://goo.gl/fbAQLP

exports[`trimmer circular structures 1`] = `
Object {
  "backref": Object {
    "refA": Object {
      "backref": "[Object]",
      "foo": "bar",
    },
    "something": "else",
  },
  "foo": "bar",
}
`;

exports[`trimmer large data sets 1`] = `
Object {
  "bao": NaN,
  "bar": undefined,
  "baz": false,
  "buffer": "Buffer(1024)",
  "deep": Object {
    "a": Object {
      "b": "[Object]",
    },
  },
  "fn": "[Function]",
  "foo": null,
  "list": "Array(1024)",
  "object": "Object(1024)",
  "string": "aaaaaaaaaaaaaaaaaaaaaaaaaaaaaaaa...",
}
`;

exports[`trimmer real world example 1`] = `
Object {
  "config": Object {
    "baseURL": "http://example.xyz",
    "data": Object {
      "_boundary": "--------------------------012345...",
      "_currentStream": null,
      "_events": "[Object]",
      "_eventsCount": 0,
      "_overheadLength": 283,
      "_released": true,
      "_streams": "[Object]",
      "_valueLength": 9523,
      "_valuesToMeasure": "[Object]",
      "dataSize": 0,
      "maxDataSize": 2097152,
      "pauseStreams": true,
      "readable": true,
      "writable": false,
    },
    "headers": Object {
      "Accept": "application/json, text/plain, */...",
      "Content-Type": "multipart/form111-data; boundary...",
      "authorization": "Bearer abcdef",
      "user-agent": "curl",
      "x-request-id": "afe950b4-30f0-4dc0-a4c7-349e5c12...",
    },
    "maxContentLength": -1,
    "method": "post",
    "timeout": 5000,
    "transformRequest": Object {},
    "transformResponse": Object {},
    "url": "http://example.xyz/foo/bar",
    "xsrfCookieName": "XSRF-TOKEN",
    "xsrfHeaderName": "X-XSRF-TOKEN",
  },
  "request": "Object(34)",
  "response": Object {
    "config": "~config",
    "data": "",
    "headers": "~request~res~headers",
    "request": "~request",
    "status": 500,
    "statusText": "Internal Server Error",
  },
}
`;
